
Running 3 tests using 2 workers

[1A[2K[1/3] [firefox] ÔÇ║ e2e\example.spec.ts:4:6 ÔÇ║ Open Browser, Handle Cookies, and Log In
[1A[2K[2/3] [chromium] ÔÇ║ e2e\example.spec.ts:4:6 ÔÇ║ Open Browser, Handle Cookies, and Log In
[1A[2K  1) [firefox] ÔÇ║ e2e\example.spec.ts:4:6 ÔÇ║ Open Browser, Handle Cookies, and Log In ÔöÇÔöÇÔöÇÔöÇÔöÇÔöÇÔöÇÔöÇÔöÇÔöÇÔöÇÔöÇÔöÇÔöÇÔöÇÔöÇ

    Error: Error reading storage state from auth.json:
    ENOENT: no such file or directory, open 'C:\Users\Lenovo\Documents\Custom Office Templates\qtp\istqb\Projects\Typescript\FromScratch\my-playwright-project\auth.json'

       8 |
       9 |   // Create a browser context with advanced capabilities
    > 10 |   const context = await browser.newContext({
         |                   ^
      11 |     userAgent:
      12 |       'Mozilla/5.0 (Windows NT 10.0; Win64; x64) AppleWebKit/537.36 (KHTML, like Gecko) Chrome/110.0.0.0 Safari/537.36',
      13 |     viewport: { width: 1280, height: 800 },
        at C:\Users\Lenovo\Documents\Custom Office Templates\qtp\istqb\Projects\Typescript\FromScratch\my-playwright-project\e2e\example.spec.ts:10:19


[1A[2K  2) [chromium] ÔÇ║ e2e\example.spec.ts:4:6 ÔÇ║ Open Browser, Handle Cookies, and Log In ÔöÇÔöÇÔöÇÔöÇÔöÇÔöÇÔöÇÔöÇÔöÇÔöÇÔöÇÔöÇÔöÇÔöÇÔöÇ

    Error: Error reading storage state from auth.json:
    ENOENT: no such file or directory, open 'C:\Users\Lenovo\Documents\Custom Office Templates\qtp\istqb\Projects\Typescript\FromScratch\my-playwright-project\auth.json'

       8 |
       9 |   // Create a browser context with advanced capabilities
    > 10 |   const context = await browser.newContext({
         |                   ^
      11 |     userAgent:
      12 |       'Mozilla/5.0 (Windows NT 10.0; Win64; x64) AppleWebKit/537.36 (KHTML, like Gecko) Chrome/110.0.0.0 Safari/537.36',
      13 |     viewport: { width: 1280, height: 800 },
        at C:\Users\Lenovo\Documents\Custom Office Templates\qtp\istqb\Projects\Typescript\FromScratch\my-playwright-project\e2e\example.spec.ts:10:19


[1A[2K[3/3] [webkit] ÔÇ║ e2e\example.spec.ts:4:6 ÔÇ║ Open Browser, Handle Cookies, and Log In
[1A[2K  3) [webkit] ÔÇ║ e2e\example.spec.ts:4:6 ÔÇ║ Open Browser, Handle Cookies, and Log In ÔöÇÔöÇÔöÇÔöÇÔöÇÔöÇÔöÇÔöÇÔöÇÔöÇÔöÇÔöÇÔöÇÔöÇÔöÇÔöÇÔöÇ

    Error: Error reading storage state from auth.json:
    ENOENT: no such file or directory, open 'C:\Users\Lenovo\Documents\Custom Office Templates\qtp\istqb\Projects\Typescript\FromScratch\my-playwright-project\auth.json'

       8 |
       9 |   // Create a browser context with advanced capabilities
    > 10 |   const context = await browser.newContext({
         |                   ^
      11 |     userAgent:
      12 |       'Mozilla/5.0 (Windows NT 10.0; Win64; x64) AppleWebKit/537.36 (KHTML, like Gecko) Chrome/110.0.0.0 Safari/537.36',
      13 |     viewport: { width: 1280, height: 800 },
        at C:\Users\Lenovo\Documents\Custom Office Templates\qtp\istqb\Projects\Typescript\FromScratch\my-playwright-project\e2e\example.spec.ts:10:19


[1A[2K  3 failed
    [chromium] ÔÇ║ e2e\example.spec.ts:4:6 ÔÇ║ Open Browser, Handle Cookies, and Log In ÔöÇÔöÇÔöÇÔöÇÔöÇÔöÇÔöÇÔöÇÔöÇÔöÇÔöÇÔöÇÔöÇÔöÇÔöÇÔöÇ
    [firefox] ÔÇ║ e2e\example.spec.ts:4:6 ÔÇ║ Open Browser, Handle Cookies, and Log In ÔöÇÔöÇÔöÇÔöÇÔöÇÔöÇÔöÇÔöÇÔöÇÔöÇÔöÇÔöÇÔöÇÔöÇÔöÇÔöÇÔöÇ
    [webkit] ÔÇ║ e2e\example.spec.ts:4:6 ÔÇ║ Open Browser, Handle Cookies, and Log In ÔöÇÔöÇÔöÇÔöÇÔöÇÔöÇÔöÇÔöÇÔöÇÔöÇÔöÇÔöÇÔöÇÔöÇÔöÇÔöÇÔöÇÔöÇ

[36m  Serving HTML report at http://localhost:9323. Press Ctrl+C to quit.[39m
